  cmdline.c
  hde64.c
  ldr.c
  strtoul.c
  u64tohex.c
  u64tostr.c
  ultohex.c
  ultostr.c
  windefend.c
  _filename.c
  _strcat.c
  _strcmp.c
  _strcmpi.c
  _strcpy.c
  _strend.c
  _strlen.c
  _strncmp.c
  _strncmpi.c
  _strncpy.c
  _strstri.c
  aic.c
  appinfo64.c
  appinfo32.c
  console.c
  fusutil.c
  main.c
  makecab.c
  compress.c
  antonioCoco.c
  api0cradle.c
  azagarampur.c
  dwells.c
  shellsup.c
  hakril.c
  comsup.c
  hybrids.c
  methods.c
  rinn.c
  tyranid.c
  wusa.c
  zcgonvh.c
  pcasvc7_64.c
  pcasvc7_32.c
  pcasvc64.c
  pcasvc32.c
  stub.c
  sup.c
  test.c
  Using codepage 1252 as default
  Creating .\output\x64\Release\Resource.res
  
  
  Resource.rc.
  Writing ICON:1,	lang:0x409,	size 7336
  Writing ICON:2,	lang:0x409,	size 3240
  Writing GROUP_ICON:104,	lang:0x409,	size 34.
  Writing VERSION:1,	lang:0x409,	size 752.
  Writing RCDATA:100,	lang:0x409,	size 14224.
  Writing RCDATA:200,	lang:0x409,	size 12400.
  Writing RCDATA:103,	lang:0x409,	size 5584.
  Writing RCDATA:104,	lang:0x409,	size 8432.
  Writing RCDATA:300,	lang:0x409,	size 144
  Generating code
  Previous IPDB not found, fall back to full compilation.
  All 291 functions were compiled because no usable IPDB/IOBJ from previous compilation was found.
  Finished generating code
  uacme.vcxproj -> C:\Users\jonathan_m\Downloads\UACME\Source\Akagi\output\x64\Release\Akagi64.exe
